// Vitest Snapshot v1, https://vitest.dev/guide/snapshot.html

exports[`LastParserSuccessDate > Creates a snapshot of parserdate 1`] = `"<span><span class="spinner-span"><div class="ds-u-display--flex ds-u-justify-content--center ds-u-align-items--center loading-spinner"><span class="ds-c-spinner ds-c-spinner--small" style="margin: 0px;" role="status"><span class="ds-u-visibility--screen-reader">Loading</span></span></div></span></span>"`;
